// Jest Snapshot v1, https://goo.gl/fbAQLP

exports[`renders correctly the snapshot 1`] = `
<View
  accessible={true}
  focusable={false}
  onClick={[Function]}
  onResponderGrant={[Function]}
  onResponderMove={[Function]}
  onResponderRelease={[Function]}
  onResponderTerminate={[Function]}
  onResponderTerminationRequest={[Function]}
  onStartShouldSetResponder={[Function]}
  style={
    Object {
      "opacity": 1,
    }
  }
>
  <View
    style={
      Object {
        "alignItems": "center",
        "backgroundColor": undefined,
        "borderRadius": 0,
        "height": 60,
        "justifyContent": "center",
        "width": 58,
      }
    }
  >
    <Text
      style={
        Object {
          "color": "white",
          "fontFamily": "bold-font",
          "fontSize": 35,
        }
      }
    />
  </View>
</View>
`;
