// Jest Snapshot v1, https://goo.gl/fbAQLP

exports[`renders correctly the snapshot 1`] = `
<View
  style={
    Object {
      "flex": 1,
    }
  }
>
  <View
    accessibilityIgnoresInvertColors={true}
    style={
      Object {
        "height": "100%",
        "width": "100%",
      }
    }
  >
    <Image
      source={1}
      style={
        Array [
          Object {
            "bottom": 0,
            "left": 0,
            "position": "absolute",
            "right": 0,
            "top": 0,
          },
          Object {
            "height": "100%",
            "width": "100%",
          },
          undefined,
        ]
      }
    />
    <View
      style={
        Object {
          "alignItems": "flex-end",
          "backgroundColor": "#F3A416",
          "flex": 0.13,
          "flexDirection": "row",
        }
      }
    >
      <View
        accessible={true}
        focusable={true}
        onBlur={[Function]}
        onClick={[Function]}
        onFocus={[Function]}
        onResponderGrant={[Function]}
        onResponderMove={[Function]}
        onResponderRelease={[Function]}
        onResponderTerminate={[Function]}
        onResponderTerminationRequest={[Function]}
        onStartShouldSetResponder={[Function]}
        style={
          Object {
            "alignItems": "center",
            "flex": 0.25,
            "height": "75%",
            "justifyContent": "center",
          }
        }
      >
        <Image
          resizeMode="center"
          source={1}
          style={
            Object {
              "height": "35%",
              "width": "35%",
            }
          }
        />
      </View>
      <View
        style={
          Object {
            "alignItems": "center",
            "flex": 0.5,
            "height": "75%",
            "justifyContent": "center",
          }
        }
      >
        <Text
          style={
            Object {
              "color": "white",
              "fontFamily": "bold-font",
              "fontSize": 38,
            }
          }
        >
          TRAINING 3
        </Text>
      </View>
    </View>
    <View
      style={
        Object {
          "alignItems": "center",
          "flex": 0.09,
          "justifyContent": "center",
        }
      }
    >
      <View
        style={
          Object {
            "backgroundColor": "transparent",
            "borderRadius": 5,
          }
        }
      >
        <Text
          style={
            Object {
              "color": "white",
              "fontFamily": "bold-font",
              "fontSize": 35,
            }
          }
        >
          00:00
        </Text>
      </View>
    </View>
    <View
      style={
        Object {
          "alignItems": "center",
          "flex": 0.5,
          "justifyContent": "center",
        }
      }
    >
      <Image
        resizeMode="contain"
        source={1}
        style={
          Object {
            "height": "100%",
            "width": "100%",
          }
        }
      />
    </View>
    <View
      style={
        Object {
          "alignItems": "center",
          "flex": 0.1,
          "flexDirection": "row",
          "justifyContent": "center",
          "marginHorizontal": "7%",
        }
      }
    >
      <View
        style={
          Object {
            "flex": 0.6,
            "flexDirection": "column",
            "height": "70%",
            "justifyContent": "flex-end",
          }
        }
      >
        <View
          style={
            Object {
              "alignItems": "center",
              "flexDirection": "row",
            }
          }
        >
          <TextInput
            allowFontScaling={true}
            editable={false}
            placeholder="Answer here"
            placeholderTextColor="#696969"
            rejectResponderTermination={true}
            style={
              Object {
                "color": "#696969",
                "fontFamily": "bold-font",
                "fontSize": 23,
                "width": "85%",
              }
            }
            test-id="inputAnswer"
            underlineColorAndroid="transparent"
            value=""
          />
          <View
            accessible={true}
            focusable={true}
            onClick={[Function]}
            onResponderGrant={[Function]}
            onResponderMove={[Function]}
            onResponderRelease={[Function]}
            onResponderTerminate={[Function]}
            onResponderTerminationRequest={[Function]}
            onStartShouldSetResponder={[Function]}
            style={
              Object {
                "alignItems": "center",
                "height": 30,
                "justifyContent": "center",
                "opacity": 1,
                "width": 30,
              }
            }
          >
            <Image
              resizeMode="contain"
              source={1}
              style={
                Object {
                  "height": "70%",
                  "width": "70%",
                }
              }
            />
          </View>
        </View>
        <View
          style={
            Object {
              "alignItems": "center",
              "borderColor": "white",
              "borderLeftWidth": 0,
              "borderRightWidth": 0,
              "borderTopWidth": 0,
              "borderWidth": 2,
              "flexDirection": "row",
              "width": "97%",
            }
          }
        />
      </View>
      <View
        style={
          Object {
            "flex": 0.4,
          }
        }
      >
        <View
          accessible={true}
          focusable={true}
          onBlur={[Function]}
          onClick={[Function]}
          onFocus={[Function]}
          onResponderGrant={[Function]}
          onResponderMove={[Function]}
          onResponderRelease={[Function]}
          onResponderTerminate={[Function]}
          onResponderTerminationRequest={[Function]}
          onStartShouldSetResponder={[Function]}
          style={
            Object {
              "alignItems": "center",
              "backgroundColor": "#F3A416",
              "height": "70%",
              "justifyContent": "center",
              "marginLeft": "7%",
            }
          }
          test-id="press-button"
        >
          <Text
            style={
              Object {
                "color": "white",
                "fontFamily": "bold-font",
                "fontSize": 25,
              }
            }
          >
            SUBMIT
          </Text>
        </View>
      </View>
    </View>
    <View
      style={
        Object {
          "alignContent": "center",
          "flex": 0.22,
          "justifyContent": "space-evenly",
          "marginBottom": "7%",
          "marginHorizontal": "7%",
        }
      }
    >
      <View
        style={
          Object {
            "alignItems": "center",
            "flexDirection": "row",
            "justifyContent": "space-between",
          }
        }
      >
        <View
          accessible={true}
          focusable={true}
          onClick={[Function]}
          onResponderGrant={[Function]}
          onResponderMove={[Function]}
          onResponderRelease={[Function]}
          onResponderTerminate={[Function]}
          onResponderTerminationRequest={[Function]}
          onStartShouldSetResponder={[Function]}
          style={
            Object {
              "opacity": 1,
            }
          }
        >
          <View
            style={
              Object {
                "alignItems": "center",
                "backgroundColor": "#F3A416",
                "borderRadius": 0,
                "height": 60,
                "justifyContent": "center",
                "width": 58,
              }
            }
          >
            <Text
              style={
                Object {
                  "color": "white",
                  "fontFamily": "bold-font",
                  "fontSize": 35,
                }
              }
            >
              0
            </Text>
          </View>
        </View>
        <View
          accessible={true}
          focusable={true}
          onClick={[Function]}
          onResponderGrant={[Function]}
          onResponderMove={[Function]}
          onResponderRelease={[Function]}
          onResponderTerminate={[Function]}
          onResponderTerminationRequest={[Function]}
          onStartShouldSetResponder={[Function]}
          style={
            Object {
              "opacity": 1,
            }
          }
        >
          <View
            style={
              Object {
                "alignItems": "center",
                "backgroundColor": "#F3A416",
                "borderRadius": 0,
                "height": 60,
                "justifyContent": "center",
                "width": 58,
              }
            }
          >
            <Text
              style={
                Object {
                  "color": "white",
                  "fontFamily": "bold-font",
                  "fontSize": 35,
                }
              }
            >
              1
            </Text>
          </View>
        </View>
        <View
          accessible={true}
          focusable={true}
          onClick={[Function]}
          onResponderGrant={[Function]}
          onResponderMove={[Function]}
          onResponderRelease={[Function]}
          onResponderTerminate={[Function]}
          onResponderTerminationRequest={[Function]}
          onStartShouldSetResponder={[Function]}
          style={
            Object {
              "opacity": 1,
            }
          }
        >
          <View
            style={
              Object {
                "alignItems": "center",
                "backgroundColor": "#F3A416",
                "borderRadius": 0,
                "height": 60,
                "justifyContent": "center",
                "width": 58,
              }
            }
          >
            <Text
              style={
                Object {
                  "color": "white",
                  "fontFamily": "bold-font",
                  "fontSize": 35,
                }
              }
            >
              2
            </Text>
          </View>
        </View>
        <View
          accessible={true}
          focusable={true}
          onClick={[Function]}
          onResponderGrant={[Function]}
          onResponderMove={[Function]}
          onResponderRelease={[Function]}
          onResponderTerminate={[Function]}
          onResponderTerminationRequest={[Function]}
          onStartShouldSetResponder={[Function]}
          style={
            Object {
              "opacity": 1,
            }
          }
        >
          <View
            style={
              Object {
                "alignItems": "center",
                "backgroundColor": "#F3A416",
                "borderRadius": 0,
                "height": 60,
                "justifyContent": "center",
                "width": 58,
              }
            }
          >
            <Text
              style={
                Object {
                  "color": "white",
                  "fontFamily": "bold-font",
                  "fontSize": 35,
                }
              }
            >
              3
            </Text>
          </View>
        </View>
        <View
          accessible={true}
          focusable={true}
          onClick={[Function]}
          onResponderGrant={[Function]}
          onResponderMove={[Function]}
          onResponderRelease={[Function]}
          onResponderTerminate={[Function]}
          onResponderTerminationRequest={[Function]}
          onStartShouldSetResponder={[Function]}
          style={
            Object {
              "opacity": 1,
            }
          }
        >
          <View
            style={
              Object {
                "alignItems": "center",
                "backgroundColor": "#F3A416",
                "borderRadius": 0,
                "height": 60,
                "justifyContent": "center",
                "width": 58,
              }
            }
          >
            <Text
              style={
                Object {
                  "color": "white",
                  "fontFamily": "bold-font",
                  "fontSize": 35,
                }
              }
            >
              4
            </Text>
          </View>
        </View>
      </View>
      <View
        style={
          Object {
            "alignItems": "center",
            "flexDirection": "row",
            "justifyContent": "space-between",
          }
        }
      >
        <View
          accessible={true}
          focusable={true}
          onClick={[Function]}
          onResponderGrant={[Function]}
          onResponderMove={[Function]}
          onResponderRelease={[Function]}
          onResponderTerminate={[Function]}
          onResponderTerminationRequest={[Function]}
          onStartShouldSetResponder={[Function]}
          style={
            Object {
              "opacity": 1,
            }
          }
        >
          <View
            style={
              Object {
                "alignItems": "center",
                "backgroundColor": "#F3A416",
                "borderRadius": 0,
                "height": 60,
                "justifyContent": "center",
                "width": 58,
              }
            }
          >
            <Text
              style={
                Object {
                  "color": "white",
                  "fontFamily": "bold-font",
                  "fontSize": 35,
                }
              }
            >
              5
            </Text>
          </View>
        </View>
        <View
          accessible={true}
          focusable={true}
          onClick={[Function]}
          onResponderGrant={[Function]}
          onResponderMove={[Function]}
          onResponderRelease={[Function]}
          onResponderTerminate={[Function]}
          onResponderTerminationRequest={[Function]}
          onStartShouldSetResponder={[Function]}
          style={
            Object {
              "opacity": 1,
            }
          }
        >
          <View
            style={
              Object {
                "alignItems": "center",
                "backgroundColor": "#F3A416",
                "borderRadius": 0,
                "height": 60,
                "justifyContent": "center",
                "width": 58,
              }
            }
          >
            <Text
              style={
                Object {
                  "color": "white",
                  "fontFamily": "bold-font",
                  "fontSize": 35,
                }
              }
            >
              6
            </Text>
          </View>
        </View>
        <View
          accessible={true}
          focusable={true}
          onClick={[Function]}
          onResponderGrant={[Function]}
          onResponderMove={[Function]}
          onResponderRelease={[Function]}
          onResponderTerminate={[Function]}
          onResponderTerminationRequest={[Function]}
          onStartShouldSetResponder={[Function]}
          style={
            Object {
              "opacity": 1,
            }
          }
        >
          <View
            style={
              Object {
                "alignItems": "center",
                "backgroundColor": "#F3A416",
                "borderRadius": 0,
                "height": 60,
                "justifyContent": "center",
                "width": 58,
              }
            }
          >
            <Text
              style={
                Object {
                  "color": "white",
                  "fontFamily": "bold-font",
                  "fontSize": 35,
                }
              }
            >
              7
            </Text>
          </View>
        </View>
        <View
          accessible={true}
          focusable={true}
          onClick={[Function]}
          onResponderGrant={[Function]}
          onResponderMove={[Function]}
          onResponderRelease={[Function]}
          onResponderTerminate={[Function]}
          onResponderTerminationRequest={[Function]}
          onStartShouldSetResponder={[Function]}
          style={
            Object {
              "opacity": 1,
            }
          }
        >
          <View
            style={
              Object {
                "alignItems": "center",
                "backgroundColor": "#F3A416",
                "borderRadius": 0,
                "height": 60,
                "justifyContent": "center",
                "width": 58,
              }
            }
          >
            <Text
              style={
                Object {
                  "color": "white",
                  "fontFamily": "bold-font",
                  "fontSize": 35,
                }
              }
            >
              8
            </Text>
          </View>
        </View>
        <View
          accessible={true}
          focusable={true}
          onClick={[Function]}
          onResponderGrant={[Function]}
          onResponderMove={[Function]}
          onResponderRelease={[Function]}
          onResponderTerminate={[Function]}
          onResponderTerminationRequest={[Function]}
          onStartShouldSetResponder={[Function]}
          style={
            Object {
              "opacity": 1,
            }
          }
        >
          <View
            style={
              Object {
                "alignItems": "center",
                "backgroundColor": "#F3A416",
                "borderRadius": 0,
                "height": 60,
                "justifyContent": "center",
                "width": 58,
              }
            }
          >
            <Text
              style={
                Object {
                  "color": "white",
                  "fontFamily": "bold-font",
                  "fontSize": 35,
                }
              }
            >
              9
            </Text>
          </View>
        </View>
      </View>
    </View>
  </View>
</View>
`;
